[    0.000000] Initializing cgroup subsys cpuset
[    0.000000] Initializing cgroup subsys cpu
[    0.000000] Initializing cgroup subsys cpuacct
[    0.000000] Linux version 4.4.0-210-generic (buildd@lgw01-amd64-009) (gcc version 5.4.0 20160609 (Ubuntu 5.4.0-6ubuntu1~16.04.12) ) #242-Ubuntu SMP Fri Apr 16 09:57:56 UTC 2021 (Ubuntu 4.4.0-210.242-generic 4.4.262)
[    0.000000] Command line: BOOT_IMAGE=/boot/vmlinuz-4.4.0-210-generic root=LABEL=cloudimg-rootfs ro console=tty1 console=ttyS0
[    0.000000] KERNEL supported cpus:
[    0.000000]   Intel GenuineIntel
[    0.000000]   AMD AuthenticAMD
[    0.000000]   Centaur CentaurHauls
[    0.000000] x86/fpu: xstate_offset[2]:  576, xstate_sizes[2]:  256
[    0.000000] x86/fpu: Supporting XSAVE feature 0x01: 'x87 floating point registers'
[    0.000000] x86/fpu: Supporting XSAVE feature 0x02: 'SSE registers'
[    0.000000] x86/fpu: Supporting XSAVE feature 0x04: 'AVX registers'
[    0.000000] x86/fpu: Enabled xstate features 0x7, context size is 832 bytes, using 'standard' format.
[    0.000000] e820: BIOS-provided physical RAM map:
[    0.000000] BIOS-e820: [mem 0x0000000000000000-0x000000000009fbff] usable
[    0.000000] BIOS-e820: [mem 0x000000000009fc00-0x000000000009ffff] reserved
[    0.000000] BIOS-e820: [mem 0x00000000000f0000-0x00000000000fffff] reserved
[    0.000000] BIOS-e820: [mem 0x0000000000100000-0x000000001ffeffff] usable
[    0.000000] BIOS-e820: [mem 0x000000001fff0000-0x000000001fffffff] ACPI data
[    0.000000] BIOS-e820: [mem 0x00000000fec00000-0x00000000fec00fff] reserved
[    0.000000] BIOS-e820: [mem 0x00000000fee00000-0x00000000fee00fff] reserved
[    0.000000] BIOS-e820: [mem 0x00000000fffc0000-0x00000000ffffffff] reserved
[    0.000000] NX (Execute Disable) protection: active
[    0.000000] SMBIOS 2.5 present.
[    0.000000] Hypervisor detected: KVM
[    0.000000] e820: last_pfn = 0x1fff0 max_arch_pfn = 0x400000000
[    0.000000] MTRR: Disabled
[    0.000000] x86/PAT: MTRRs disabled, skipping PAT initialization too.
[    0.000000] CPU MTRRs all blank - virtualized system.
[    0.000000] x86/PAT: Configuration [0-7]: WB  WT  UC- UC  WB  WT  UC- UC  
[    0.000000] found SMP MP-table at [mem 0x0009fff0-0x0009ffff] mapped at [ffff88000009fff0]
[    0.000000] Scanning 1 areas for low memory corruption
[    0.000000] RAMDISK: [mem 0x1e8c2000-0x1f74bfff]
[    0.000000] ACPI: Early table checksum verification disabled
[    0.000000] ACPI: RSDP 0x00000000000E0000 000024 (v02 VBOX  )
[    0.000000] ACPI: XSDT 0x000000001FFF0030 00003C (v01 VBOX   VBOXXSDT 00000001 ASL  00000061)
[    0.000000] ACPI: FACP 0x000000001FFF00F0 0000F4 (v04 VBOX   VBOXFACP 00000001 ASL  00000061)
[    0.000000] ACPI: DSDT 0x000000001FFF0470 002325 (v02 VBOX   VBOXBIOS 00000002 INTL 20100528)
[    0.000000] ACPI: FACS 0x000000001FFF0200 000040
[    0.000000] ACPI: FACS 0x000000001FFF0200 000040
[    0.000000] ACPI: APIC 0x000000001FFF0240 00005C (v02 VBOX   VBOXAPIC 00000001 ASL  00000061)
[    0.000000] ACPI: SSDT 0x000000001FFF02A0 0001CC (v01 VBOX   VBOXCPUT 00000002 INTL 20100528)
[    0.000000] No NUMA configuration found
[    0.000000] Faking a node at [mem 0x0000000000000000-0x000000001ffeffff]
[    0.000000] NODE_DATA(0) allocated [mem 0x1ffeb000-0x1ffeffff]
[    0.000000] kvm-clock: Using msrs 4b564d01 and 4b564d00
[    0.000000] kvm-clock: cpu 0, msr 0:1ffe3001, primary cpu clock
[    0.000000] kvm-clock: using sched offset of 3496880367 cycles
[    0.000000] clocksource: kvm-clock: mask: 0xffffffffffffffff max_cycles: 0x1cd42e4dffb, max_idle_ns: 881590591483 ns
[    0.000000] Zone ranges:
[    0.000000]   DMA      [mem 0x0000000000001000-0x0000000000ffffff]
[    0.000000]   DMA32    [mem 0x0000000001000000-0x000000001ffeffff]
[    0.000000]   Normal   empty
[    0.000000]   Device   empty
[    0.000000] Movable zone start for each node
[    0.000000] Early memory node ranges
[    0.000000]   node   0: [mem 0x0000000000001000-0x000000000009efff]
[    0.000000]   node   0: [mem 0x0000000000100000-0x000000001ffeffff]
[    0.000000] Initmem setup node 0 [mem 0x0000000000001000-0x000000001ffeffff]
[    0.000000] ACPI: PM-Timer IO Port: 0x4008
[    0.000000] IOAPIC[0]: apic_id 2, version 32, address 0xfec00000, GSI 0-23
[    0.000000] ACPI: INT_SRC_OVR (bus 0 bus_irq 0 global_irq 2 dfl dfl)
[    0.000000] ACPI: INT_SRC_OVR (bus 0 bus_irq 9 global_irq 9 low level)
[    0.000000] Using ACPI (MADT) for SMP configuration information
[    0.000000] smpboot: Allowing 2 CPUs, 0 hotplug CPUs
[    0.000000] PM: Registered nosave memory: [mem 0x00000000-0x00000fff]
[    0.000000] PM: Registered nosave memory: [mem 0x0009f000-0x0009ffff]
[    0.000000] PM: Registered nosave memory: [mem 0x000a0000-0x000effff]
[    0.000000] PM: Registered nosave memory: [mem 0x000f0000-0x000fffff]
[    0.000000] e820: [mem 0x20000000-0xfebfffff] available for PCI devices
[    0.000000] Booting paravirtualized kernel on KVM
[    0.000000] clocksource: refined-jiffies: mask: 0xffffffff max_cycles: 0xffffffff, max_idle_ns: 7645519600211568 ns
[    0.000000] setup_percpu: NR_CPUS:512 nr_cpumask_bits:512 nr_cpu_ids:2 nr_node_ids:1
[    0.000000] PERCPU: Embedded 33 pages/cpu @ffff88001fc00000 s95192 r8192 d31784 u1048576
[    0.000000] Built 1 zonelists in Node order, mobility grouping on.  Total pages: 128888
[    0.000000] Policy zone: DMA32
[    0.000000] Kernel command line: BOOT_IMAGE=/boot/vmlinuz-4.4.0-210-generic root=LABEL=cloudimg-rootfs ro console=tty1 console=ttyS0
[    0.000000] PID hash table entries: 2048 (order: 2, 16384 bytes)
[    0.000000] Memory: 481712K/523832K available (8644K kernel code, 1332K rwdata, 4044K rodata, 1492K init, 1164K bss, 42120K reserved, 0K cma-reserved)
[    0.000000] SLUB: HWalign=64, Order=0-3, MinObjects=0, CPUs=2, Nodes=1
[    0.000000] Kernel/User page tables isolation: enabled
[    0.000000] Hierarchical RCU implementation.
[    0.000000] 	Build-time adjustment of leaf fanout to 64.
[    0.000000] 	RCU restricting CPUs from NR_CPUS=512 to nr_cpu_ids=2.
[    0.000000] RCU: Adjusting geometry for rcu_fanout_leaf=64, nr_cpu_ids=2
[    0.000000] NR_IRQS:33024 nr_irqs:440 16
[    0.000000] Console: colour VGA+ 80x25
[    0.000000] console [tty1] enabled
[    0.000000] console [ttyS0] enabled
[    0.000000] tsc: Detected 2208.000 MHz processor
[    0.159385] Calibrating delay loop (skipped) preset value.. 4416.00 BogoMIPS (lpj=8832000)
[    0.161330] pid_max: default: 32768 minimum: 301
[    0.162379] ACPI: Core revision 20150930
[    0.165196] ACPI: 2 ACPI AML tables successfully acquired and loaded
[    0.166780] Security Framework initialized
[    0.167727] Yama: becoming mindful.
[    0.168585] AppArmor: AppArmor initialized
[    0.169680] Dentry cache hash table entries: 65536 (order: 7, 524288 bytes)
[    0.171326] Inode-cache hash table entries: 32768 (order: 6, 262144 bytes)
[    0.172745] Mount-cache hash table entries: 1024 (order: 1, 8192 bytes)
[    0.174112] Mountpoint-cache hash table entries: 1024 (order: 1, 8192 bytes)
[    0.175722] Initializing cgroup subsys io
[    0.176810] Initializing cgroup subsys memory
[    0.177798] Initializing cgroup subsys devices
[    0.178807] Initializing cgroup subsys freezer
[    0.179889] Initializing cgroup subsys net_cls
[    0.180908] Initializing cgroup subsys perf_event
[    0.181984] Initializing cgroup subsys net_prio
[    0.183147] Initializing cgroup subsys hugetlb
[    0.184274] Initializing cgroup subsys pids
[    0.186226] mce: CPU supports 0 MCE banks
[    0.187267] Last level iTLB entries: 4KB 64, 2MB 8, 4MB 8
[    0.188443] Last level dTLB entries: 4KB 64, 2MB 0, 4MB 0, 1GB 4
[    0.189827] Spectre V1 : Mitigation: usercopy/swapgs barriers and __user pointer sanitization
[    0.192075] Spectre V2 : Mitigation: Full generic retpoline
[    0.193293] Spectre V2 : Spectre v2 / SpectreRSB mitigation: Filling RSB on context switch
[    0.195288] Speculative Store Bypass: Vulnerable
[    0.196361] SRBDS: Unknown: Dependent on hypervisor status
[    0.197793] MDS: Mitigation: Clear CPU buffers
[    0.201479] Freeing SMP alternatives memory: 36K
[    0.208328] ftrace: allocating 32380 entries in 127 pages
[    0.265239] smpboot: APIC(0) Converting physical 0 to logical package 0
[    0.268311] smpboot: Max logical packages: 1
[    0.269570] x2apic enabled
[    0.270542] Switched APIC routing to physical x2apic.
[    0.273095] ..TIMER: vector=0x30 apic1=0 pin1=2 apic2=-1 pin2=-1
[    0.382444] smpboot: CPU0: Intel(R) Core(TM) i7-8750H CPU @ 2.20GHz (family: 0x6, model: 0x9e, stepping: 0xa)
[    0.385140] Performance Events: unsupported p6 CPU model 158 no PMU driver, software events only.
[    0.397324] KVM setup paravirtual spinlock
[    0.398831] x86: Booting SMP configuration:
[    0.399801] .... node  #0, CPUs:      #1
[    0.400886] kvm-clock: cpu 1, msr 0:1ffe3041, secondary cpu clock
[    0.402796] mce: CPU supports 0 MCE banks
[    0.405485] x86: Booted up 1 node, 2 CPUs
[    0.406685] smpboot: Total of 2 processors activated (8832.00 BogoMIPS)
[    0.411229] devtmpfs: initialized
[    0.413462] evm: security.selinux
[    0.414343] evm: security.SMACK64
[    0.415261] evm: security.SMACK64EXEC
[    0.416334] evm: security.SMACK64TRANSMUTE
[    0.417350] evm: security.SMACK64MMAP
[    0.418346] evm: security.ima
[    0.419181] evm: security.capability
[    0.420318] clocksource: jiffies: mask: 0xffffffff max_cycles: 0xffffffff, max_idle_ns: 7645041785100000 ns
[    0.422501] futex hash table entries: 512 (order: 3, 32768 bytes)
[    0.423967] pinctrl core: initialized pinctrl subsystem
[    0.425313] RTC time: 21:42:24, date: 03/31/22
[    0.426521] NET: Registered protocol family 16
[    0.433793] cpuidle: using governor ladder
[    0.446378] cpuidle: using governor menu
[    0.447471] PCCT header not found.
[    0.448401] ACPI: bus type PCI registered
[    0.449373] acpiphp: ACPI Hot Plug PCI Controller Driver version: 0.5
[    0.451047] PCI: Using configuration type 1 for base access
[    0.464943] ACPI: Added _OSI(Module Device)
[    0.466140] ACPI: Added _OSI(Processor Device)
[    0.467176] ACPI: Added _OSI(3.0 _SCP Extensions)
[    0.468247] ACPI: Added _OSI(Processor Aggregator Device)
[    0.470085] ACPI: Executed 1 blocks of module-level executable AML code
[    0.473726] ACPI: Interpreter enabled
[    0.474664] ACPI: (supports S0 S5)
[    0.475559] ACPI: Using IOAPIC for interrupt routing
[    0.476836] PCI: Using host bridge windows from ACPI; if necessary, use "pci=nocrs" and report a bug
[    0.482545] ACPI: PCI Root Bridge [PCI0] (domain 0000 [bus 00-ff])
[    0.483905] acpi PNP0A03:00: _OSC: OS supports [ASPM ClockPM Segments MSI]
[    0.485759] acpi PNP0A03:00: _OSC: not requesting OS control; OS requires [ExtendedConfig ASPM ClockPM MSI]
[    0.488017] acpi PNP0A03:00: fail to add MMCONFIG information, can't access extended PCI configuration space under this bridge.
[    0.491002] PCI host bridge to bus 0000:00
[    0.492164] pci_bus 0000:00: root bus resource [io  0x0000-0x0cf7 window]
[    0.493551] pci_bus 0000:00: root bus resource [io  0x0d00-0xffff window]
[    0.495036] pci_bus 0000:00: root bus resource [mem 0x000a0000-0x000bffff window]
[    0.496807] pci_bus 0000:00: root bus resource [mem 0x20000000-0xfdffffff window]
[    0.498706] pci_bus 0000:00: root bus resource [bus 00-ff]
[    0.501870] pci 0000:00:01.1: legacy IDE quirk: reg 0x10: [io  0x01f0-0x01f7]
[    0.503384] pci 0000:00:01.1: legacy IDE quirk: reg 0x14: [io  0x03f6]
[    0.504781] pci 0000:00:01.1: legacy IDE quirk: reg 0x18: [io  0x0170-0x0177]
[    0.517691] pci 0000:00:01.1: legacy IDE quirk: reg 0x1c: [io  0x0376]
[    0.529234] pci 0000:00:07.0: quirk: [io  0x4000-0x403f] claimed by PIIX4 ACPI
[    0.531009] pci 0000:00:07.0: quirk: [io  0x4100-0x410f] claimed by PIIX4 SMB
[    0.539127] ACPI: PCI Interrupt Link [LNKA] (IRQs 5 9 10 *11)
[    0.541575] ACPI: PCI Interrupt Link [LNKB] (IRQs 5 9 *10 11)
[    0.543774] ACPI: PCI Interrupt Link [LNKC] (IRQs 5 *9 10 11)
[    0.545910] ACPI: PCI Interrupt Link [LNKD] (IRQs 5 9 10 *11)
[    0.548012] ACPI: Enabled 2 GPEs in block 00 to 07
[    0.549556] vgaarb: setting as boot device: PCI:0000:00:02.0
[    0.550811] vgaarb: device added: PCI:0000:00:02.0,decodes=io+mem,owns=io+mem,locks=none
[    0.552700] vgaarb: loaded
[    0.553489] vgaarb: bridge control possible 0000:00:02.0
[    0.554949] SCSI subsystem initialized
[    0.556172] ACPI: bus type USB registered
[    0.557193] usbcore: registered new interface driver usbfs
[    0.558618] usbcore: registered new interface driver hub
[    0.559835] usbcore: registered new device driver usb
[    0.561434] PCI: Using ACPI for IRQ routing
[    0.562761] NetLabel: Initializing
[    0.563676] NetLabel:  domain hash size = 128
[    0.564732] NetLabel:  protocols = UNLABELED CIPSOv4
[    0.565920] NetLabel:  unlabeled traffic allowed by default
[    0.567234] amd_nb: Cannot enumerate AMD northbridges
[    0.568730] clocksource: Switched to clocksource kvm-clock
[    0.577324] AppArmor: AppArmor Filesystem Enabled
[    0.578481] pnp: PnP ACPI init
[    0.580208] pnp: PnP ACPI: found 3 devices
[    0.586828] clocksource: acpi_pm: mask: 0xffffff max_cycles: 0xffffff, max_idle_ns: 2085701024 ns
[    0.588879] NET: Registered protocol family 2
[    0.590060] TCP established hash table entries: 4096 (order: 3, 32768 bytes)
[    0.591580] TCP bind hash table entries: 4096 (order: 4, 65536 bytes)
[    0.592966] TCP: Hash tables configured (established 4096 bind 4096)
[    0.594368] UDP hash table entries: 256 (order: 1, 8192 bytes)
[    0.595735] UDP-Lite hash table entries: 256 (order: 1, 8192 bytes)
[    0.597339] NET: Registered protocol family 1
[    0.598399] pci 0000:00:00.0: Limiting direct PCI/PCI transfers
[    0.599706] pci 0000:00:01.0: Activating ISA DMA hang workarounds
[    0.603787] Unpacking initramfs...
[    0.797200] Freeing initrd memory: 14888K
[    0.798448] clocksource: tsc: mask: 0xffffffffffffffff max_cycles: 0x1fd3b81b95f, max_idle_ns: 440795257325 ns
[    0.800822] platform rtc_cmos: registered platform RTC device (no PNP device found)
[    0.802938] Scanning for low memory corruption every 60 seconds
[    0.804542] audit: initializing netlink subsys (disabled)
[    0.805943] audit: type=2000 audit(1648762949.671:1): initialized
[    0.807506] Initialise system trusted keyring
[    0.808842] HugeTLB registered 2 MB page size, pre-allocated 0 pages
[    0.811621] zbud: loaded
[    0.812691] VFS: Disk quotas dquot_6.6.0
[    0.813818] VFS: Dquot-cache hash table entries: 512 (order 0, 4096 bytes)
[    0.815527] squashfs: version 4.0 (2009/01/31) Phillip Lougher
[    0.817099] fuse init (API version 7.23)
[    0.818164] Key type big_key registered
[    0.819129] Allocating IMA MOK and blacklist keyrings.
[    0.821008] Key type asymmetric registered
[    0.822101] Asymmetric key parser 'x509' registered
[    0.823277] Block layer SCSI generic (bsg) driver version 0.4 loaded (major 249)
[    0.825173] io scheduler noop registered
[    0.826148] io scheduler deadline registered (default)
[    0.827421] io scheduler cfq registered
[    0.828480] pci_hotplug: PCI Hot Plug PCI Core version: 0.5
[    0.829810] pciehp: PCI Express Hot Plug Controller Driver version: 0.4
[    0.831336] ACPI: AC Adapter [AC] (on-line)
[    0.832397] input: Power Button as /devices/LNXSYSTM:00/LNXPWRBN:00/input/input0
[    0.834215] ACPI: Power Button [PWRF]
[    0.835255] input: Sleep Button as /devices/LNXSYSTM:00/LNXSLPBN:00/input/input1
[    0.837054] ACPI: Sleep Button [SLPF]
[    0.838212] GHES: HEST is not enabled!
[    0.838857] ACPI: Battery Slot [BAT0] (battery present)
[    0.840430] Serial: 8250/16550 driver, 32 ports, IRQ sharing enabled
[    0.862450] 00:02: ttyS0 at I/O 0x3f8 (irq = 4, base_baud = 115200) is a 16550A
[    0.865263] Linux agpgart interface v0.103
[    0.867848] loop: module loaded
[    0.869289] scsi host0: ata_piix
[    0.870387] scsi host1: ata_piix
[    0.871394] ata1: PATA max UDMA/33 cmd 0x1f0 ctl 0x3f6 bmdma 0xd000 irq 14
[    0.872899] ata2: PATA max UDMA/33 cmd 0x170 ctl 0x376 bmdma 0xd008 irq 15
[    0.874493] libphy: Fixed MDIO Bus: probed
[    0.875686] tun: Universal TUN/TAP device driver, 1.6
[    0.876917] tun: (C) 1999-2004 Max Krasnyansky <maxk@qualcomm.com>
[    0.878438] PPP generic driver version 2.4.2
[    0.879545] ehci_hcd: USB 2.0 'Enhanced' Host Controller (EHCI) Driver
[    0.880967] ehci-pci: EHCI PCI platform driver
[    0.882079] ehci-platform: EHCI generic platform driver
[    0.883282] ohci_hcd: USB 1.1 'Open' Host Controller (OHCI) Driver
[    0.884758] ohci-pci: OHCI PCI platform driver
[    0.885859] ohci-platform: OHCI generic platform driver
[    0.887061] uhci_hcd: USB Universal Host Controller Interface driver
[    0.888493] i8042: PNP: PS/2 Controller [PNP0303:PS2K,PNP0f03:PS2M] at 0x60,0x64 irq 1,12
[    0.890940] serio: i8042 KBD port at 0x60,0x64 irq 1
[    0.892080] serio: i8042 AUX port at 0x60,0x64 irq 12
[    0.893405] mousedev: PS/2 mouse device common for all mice
[    0.895096] rtc_cmos rtc_cmos: rtc core: registered rtc_cmos as rtc0
[    0.896621] input: AT Translated Set 2 keyboard as /devices/platform/i8042/serio0/input/input2
[    0.898797] rtc_cmos rtc_cmos: alarms up to one day, 114 bytes nvram
[    0.900258] i2c /dev entries driver
[    0.901226] device-mapper: uevent: version 1.0.3
[    0.902362] device-mapper: ioctl: 4.34.0-ioctl (2015-10-28) initialised: dm-devel@redhat.com
[    0.904357] ledtrig-cpu: registered to indicate activity on CPUs
[    0.906223] NET: Registered protocol family 10
[    0.907511] NET: Registered protocol family 17
[    0.908577] Key type dns_resolver registered
[    0.909836] registered taskstats version 1
[    0.910824] Loading compiled-in X.509 certificates
[    0.912460] Loaded X.509 cert 'Build time autogenerated kernel key: cf00e047681d67edb2720680708b7d9498083038'
[    0.914786] zswap: loaded using pool lzo/zbud
[    0.917358] Key type trusted registered
[    0.920699] Key type encrypted registered
[    0.921692] AppArmor: AppArmor sha1 policy hashing enabled
[    0.922928] ima: No TPM chip found, activating TPM-bypass!
[    0.924166] ima: Allocated hash algorithm: sha1
[    0.925449] evm: HMAC attrs: 0x1
[    0.926676]   Magic number: 14:225:754
[    0.927600] tty ttyS5: hash matches
[    0.928639] rtc_cmos rtc_cmos: setting system clock to 2022-03-31 21:42:25 UTC (1648762945)
[    0.930812] BIOS EDD facility v0.16 2004-Jun-25, 0 devices found
[    0.932249] EDD information not available.
[    1.054479] Freeing unused kernel memory: 1492K
[    1.055677] Write protecting the kernel read-only data: 14336k
[    1.057450] Freeing unused kernel memory: 1584K
[    1.058798] Freeing unused kernel memory: 52K
Loading, please wait...
starting version 229
[    1.075578] random: systemd-udevd: uninitialized urandom read (16 bytes read, 3 bits of entropy available)
[    1.076111] random: udevadm: uninitialized urandom read (16 bytes read, 3 bits of entropy available)
[    1.076129] random: udevadm: uninitialized urandom read (16 bytes read, 3 bits of entropy available)
[    1.082142] random: systemd-udevd: uninitialized urandom read (16 bytes read, 3 bits of entropy available)
[    1.084076] random: udevadm: uninitialized urandom read (16 bytes read, 3 bits of entropy available)
[    1.084111] random: udevadm: uninitialized urandom read (16 bytes read, 3 bits of entropy available)
[    1.084258] random: udevadm: uninitialized urandom read (16 bytes read, 3 bits of entropy available)
[    1.084305] random: udevadm: uninitialized urandom read (16 bytes read, 3 bits of entropy available)
[    1.084348] random: udevadm: uninitialized urandom read (16 bytes read, 3 bits of entropy available)
[    1.084392] random: udevadm: uninitialized urandom read (16 bytes read, 3 bits of entropy available)
[    1.120712] e1000: Intel(R) PRO/1000 Network Driver - version 7.3.21-k8-NAPI
[    1.122338] e1000: Copyright (c) 1999-2006 Intel Corporation.
[    1.123678] Fusion MPT base driver 3.04.20
[    1.124762] Copyright (c) 1999-2008 LSI Corporation
[    1.129157] Fusion MPT SPI Host driver 3.04.20
[    1.145463] AVX2 version of gcm_enc/dec engaged.
[    1.146578] AES CTR mode by8 optimization enabled
[    1.330523] input: ImExPS/2 Generic Explorer Mouse as /devices/platform/i8042/serio1/input/input4
[    1.506250] e1000 0000:00:03.0 eth0: (PCI:33MHz:32-bit) 02:be:82:6b:cc:1d
[    1.507836] e1000 0000:00:03.0 eth0: Intel(R) PRO/1000 Network Connection
[    2.506823] e1000 0000:00:08.0 eth1: (PCI:33MHz:32-bit) 08:00:27:fb:92:3c
[    2.508281] e1000 0000:00:08.0 eth1: Intel(R) PRO/1000 Network Connection
[    2.511011] e1000 0000:00:03.0 enp0s3: renamed from eth0
[    2.512562] mptbase: ioc0: Initiating bringup
[    2.525757] e1000 0000:00:08.0 enp0s8: renamed from eth1
[    2.589348] ioc0: LSI53C1030 A0: Capabilities={Initiator}
[    2.751261] scsi host2: ioc0: LSI53C1030 A0, FwRev=00000000h, Ports=1, MaxQ=256, IRQ=20
[    2.861457] scsi 2:0:0:0: Direct-Access     VBOX     HARDDISK         1.0  PQ: 0 ANSI: 5
[    2.863304] scsi target2:0:0: Beginning Domain Validation
[    2.867413] scsi target2:0:0: Domain Validation skipping write tests
[    2.868753] scsi target2:0:0: Ending Domain Validation
[    2.870056] scsi target2:0:0: asynchronous
[    2.872052] scsi 2:0:1:0: Direct-Access     VBOX     HARDDISK         1.0  PQ: 0 ANSI: 5
[    2.886049] scsi target2:0:1: Beginning Domain Validation
[    2.889609] scsi target2:0:1: Domain Validation skipping write tests
[    2.890914] scsi target2:0:1: Ending Domain Validation
[    2.892449] scsi target2:0:1: asynchronous
[    2.900908] sd 2:0:0:0: [sda] 83886080 512-byte logical blocks: (42.9 GB/40.0 GiB)
[    2.902757] sd 2:0:0:0: Attached scsi generic sg0 type 0
[    2.904334] sd 2:0:0:0: [sda] Write Protect is off
[    2.905594] sd 2:0:1:0: [sdb] 20480 512-byte logical blocks: (10.5 MB/10.0 MiB)
[    2.907553] sd 2:0:1:0: Attached scsi generic sg1 type 0
[    2.908983] sd 2:0:1:0: [sdb] Write Protect is off
[    2.909081] sd 2:0:0:0: [sda] Incomplete mode parameter data
[    2.909082] sd 2:0:0:0: [sda] Assuming drive cache: write through
[    2.913090] sd 2:0:1:0: [sdb] Incomplete mode parameter data
[    2.914635] sd 2:0:1:0: [sdb] Assuming drive cache: write through
[    2.921150]  sda: sda1
[    2.923498] sd 2:0:1:0: [sdb] Attached SCSI disk
[    2.923550] sd 2:0:0:0: [sda] Attached SCSI disk
Begin: Loading essential drivers ... [    4.330853] md: linear personality registered for level -1
[    4.334439] md: multipath personality registered for level -4
[    4.338111] md: raid0 personality registered for level 0
[    4.343356] md: raid1 personality registered for level 1
[    4.412753] raid6: sse2x1   gen() 13473 MB/s
[    4.480778] raid6: sse2x1   xor() 10019 MB/s
[    4.549503] raid6: sse2x2   gen() 16765 MB/s
[    4.616870] raid6: sse2x2   xor() 11504 MB/s
[    4.684771] raid6: sse2x4   gen() 18890 MB/s
[    4.752760] raid6: sse2x4   xor() 12808 MB/s
[    4.820756] raid6: avx2x1   gen() 27301 MB/s
[    4.888769] raid6: avx2x2   gen() 30563 MB/s
[    4.956741] raid6: avx2x4   gen() 34105 MB/s
[    4.957778] raid6: using algorithm avx2x4 gen() 34105 MB/s
[    4.959011] raid6: using avx2x2 recovery algorithm
[    4.961039] xor: automatically using best checksumming function:
[    5.000795]    avx       : 28562.000 MB/sec
[    5.002914] async_tx: api initialized (async)
[    5.011989] md: raid6 personality registered for level 6
[    5.013229] md: raid5 personality registered for level 5
[    5.014444] md: raid4 personality registered for level 4
[    5.020952] md: raid10 personality registered for level 10
done.
Begin: Running /scripts/init-premount ... done.
Begin: Mounting root file system ... Begin: Running /scripts/local-top ... done.
Begin: Running /scripts/local-premount ... [    5.050169] Btrfs loaded
Scanning for Btrfs filesystems
done.
Warning: fsck not present, so skipping root file system
[    5.086206] EXT4-fs (sda1): mounted filesystem with ordered data mode. Opts: (null)
done.
Begin: Running /scripts/local-bottom ... done.
Begin: Running /scripts/init-bottom ... done.
[    5.192170] systemd[1]: systemd 229 running in system mode. (+PAM +AUDIT +SELINUX +IMA +APPARMOR +SMACK +SYSVINIT +UTMP +LIBCRYPTSETUP +GCRYPT +GNUTLS +ACL +XZ -LZ4 +SECCOMP +BLKID +ELFUTILS +KMOD -IDN)
[    5.196293] systemd[1]: Detected virtualization oracle.
[    5.197578] systemd[1]: Detected architecture x86-64.

Welcome to [1mUbuntu 16.04.7 LTS[0m!

[    5.203288] systemd[1]: Set hostname to <ubuntu>.
[    5.207439] systemd[1]: Initializing machine ID from random generator.
[    5.208900] systemd[1]: Installed transient /etc/machine-id file.
[    5.345060] systemd[1]: Listening on /dev/initctl Compatibility Named Pipe.
[[0;32m  OK  [0m] Listening on /dev/initctl Compatibility Named Pipe.
[    5.347963] systemd[1]: Listening on LVM2 metadata daemon socket.
[[0;32m  OK  [0m] Listening on LVM2 metadata daemon socket.
[    5.357081] systemd[1]: Started Forward Password Requests to Wall Directory Watch.
[[0;32m  OK  [0m] Started Forward Password Requests to Wall Directory Watch.
[    5.365545] systemd[1]: Listening on Device-mapper event daemon FIFOs.
[[0;32m  OK  [0m] Listening on Device-mapper event daemon FIFOs.
[    5.368102] systemd[1]: Listening on Syslog Socket.
[[0;32m  OK  [0m] Listening on Syslog Socket.
[    5.377341] systemd[1]: Set up automount Arbitrary Executable File Formats File System Automount Point.
[[0;32m  OK  [0m] Set up automount Arbitrary Executab...ats File System Automount Point.
[    5.385045] systemd[1]: Reached target User and Group Name Lookups.
[[0;32m  OK  [0m] Reached target User and Group Name Lookups.
[    5.387363] systemd[1]: Listening on LVM2 poll daemon socket.
[[0;32m  OK  [0m] Listening on LVM2 poll daemon socket.
[    5.397857] systemd[1]: Listening on fsck to fsckd communication Socket.
[[0;32m  OK  [0m] Listening on fsck to fsckd communication Socket.
[    5.405856] systemd[1]: Created slice User and Session Slice.
[[0;32m  OK  [0m] Created slice User and Session Slice.
[    5.413401] systemd[1]: Listening on udev Kernel Socket.
[[0;32m  OK  [0m] Listening on udev Kernel Socket.
[    5.415547] systemd[1]: Reached target Swap.
[[0;32m  OK  [0m] Reached target Swap.
[    5.417259] systemd[1]: Reached target System Time Synchronized.
[[0;32m  OK  [0m] Reached target System Time Synchronized.
[    5.419308] systemd[1]: Listening on udev Control Socket.
[[0;32m  OK  [0m] Listening on udev Control Socket.
[    5.421293] systemd[1]: Listening on Journal Audit Socket.
[[0;32m  OK  [0m] Listening on Journal Audit Socket.
[    5.429049] systemd[1]: Listening on Journal Socket (/dev/log).
[[0;32m  OK  [0m] Listening on Journal Socket (/dev/log).
[    5.431162] systemd[1]: Reached target Encrypted Volumes.
[[0;32m  OK  [0m] Reached target Encrypted Volumes.
[    5.433111] systemd[1]: Started Trigger resolvconf update for networkd DNS.
[[0;32m  OK  [0m] Started Trigger resolvconf update for networkd DNS.
[    5.435890] systemd[1]: Created slice System Slice.
[[0;32m  OK  [0m] Created slice System Slice.
[    5.437813] systemd[1]: Reached target Slices.
[[0;32m  OK  [0m] Reached target Slices.
[    5.439841] systemd[1]: Created slice system-serial\x2dgetty.slice.
[[0;32m  OK  [0m] Created slice system-serial\x2dgetty.slice.
[    5.449920] systemd[1]: Listening on Journal Socket.
[[0;32m  OK  [0m] Listening on Journal Socket.
[    5.461954] systemd[1]: Starting Monitoring of LVM2 mirrors, snapshots etc. using dmeventd or progress polling...
         Starting Monitoring of LVM2 mirrors... dmeventd or progress polling...
[    5.466286] systemd[1]: Mounting Huge Pages File System...
         Mounting Huge Pages File System...
[    5.468710] systemd[1]: Starting Journal Service...
         Starting Journal Service...
[    5.471386] systemd[1]: Starting File System Check on Root Device...
         Starting File System Check on Root Device...
[    5.474561] systemd[1]: Starting Set console keymap...
         Starting Set console keymap...
[    5.485795] systemd[1]: Starting Uncomplicated firewall...
         Starting Uncomplicated firewall...
[    5.496183] systemd[1]: Mounting Debug File System...
         Mounting Debug File System...
[    5.498951] systemd[1]: Mounting POSIX Message Queue File System...
         Mounting POSIX Message Queue File System...
[    5.502043] systemd[1]: Starting Nameserver information manager...
         Starting Nameserver information manager...
[    5.509436] systemd[1]: Starting Create list of required static device nodes for the current kernel...
         Starting Create list of required st... nodes for the current kernel...
[    5.515145] systemd[1]: Starting Load Kernel Modules...
         Starting Load Kernel Modules...
[    5.518671] systemd[1]: Mounted Huge Pages File System.
[[0;32m  OK  [0m] Mounted Huge Pages File System.
[    5.524910] systemd[1]: Mounted POSIX Message Queue File System.
[    5.526508] Loading iSCSI transport class v2.0-870.
[[0;32m  OK  [0m] Mounted POSIX Message Queue File System.
[    5.528157] systemd[1]: Mounted Debug File System.
[[0;32m  OK  [0m] Mounted Debug File System.
[    5.537101] systemd[1]: Started Journal Service.
[[0;32m  OK  [0m] Started Journal Service.
[    5.545755] iscsi: registered transport (tcp)
[[0;32m  OK  [0m] Started File System Check on Root Device.
[[0;32m  OK  [0m] Started Uncomplicated firewall.
[    5.567994] iscsi: registered transport (iser)
[[0;32m  OK  [0m] Started Create list of required sta...ce nodes for the current kernel.
[[0;32m  OK  [0m] Started Load Kernel Modules.
[[0;32m  OK  [0m] Started Set console keymap.
[[0;32m  OK  [0m] Started Nameserver information manager.
[[0;32m  OK  [0m] Started File System Check Daemon to report status.
[[0;32m  OK  [0m] Started LVM2 metadata daemon.
         Starting Apply Kernel Variables...
         Mounting FUSE Control File System...
         Starting Create Static Device Nodes in /dev...
         Starting Remount Root and Kernel File Systems...
[[0;32m  OK  [0m] Mounted FUSE Control File System.
[[0;32m  OK  [0m] Started Apply Kernel Variables.
[[0;32m  OK  [0m] Started Create Static Device Nodes in /dev.
[[0;32m  OK  [0m] Started Remount Root and Kernel File Systems.
         Starting udev Coldplug all Devices...
         Starting Load/Save Random Seed...
         Starting Flush Journal to Persistent Storage...
         Starting udev Kernel Device Manager...
[[0;32m  OK  [0m] Started Load/Save Random Seed.
[[0;32m  OK  [0m] Started Flush Journal to Persistent Storage.
[[0;32m  OK  [0m] Started udev Coldplug all Devices.
[[0;32m  OK  [0m] Started udev Kernel Device Manager.
[[0;32m  OK  [0m] Started Dispatch Password Requests to Console Directory Watch.
[[0;32m  OK  [0m] Found device /dev/ttyS0.
[[0;32m  OK  [0m] Listening on Load/Save RF Kill Switch Status /dev/rfkill Watch.
[[0;32m  OK  [0m] Started Monitoring of LVM2 mirrors,...ng dmeventd or progress polling.
[[0;32m  OK  [0m] Reached target Local File Systems (Pre).
[[0;32m  OK  [0m] Reached target Local File Systems.
         Starting Set console font and keymap...
         Starting Tell Plymouth To Write Out Runtime Data...
         Starting Create Volatile Files and Directories...
         Starting LSB: AppArmor initialization...
         Starting Commit a transient machine-id on disk...
         Starting Initial cloud-init job (pre-networking)...
[[0;32m  OK  [0m] Started Tell Plymouth To Write Out Runtime Data.
[[0;32m  OK  [0m] Started Create Volatile Files and Directories.
[[0;32m  OK  [0m] Started Commit a transient machine-id on disk.
         Starting Update UTMP about System Boot/Shutdown...
[[0;32m  OK  [0m] Started Update UTMP about System Boot/Shutdown.
[[0;32m  OK  [0m] Started Set console font and keymap.
[[0;32m  OK  [0m] Created slice system-getty.slice.
[    7.682766] cloud-init[660]: Cloud-init v. 21.1-19-gbad84ad4-0ubuntu1~16.04.2 running 'init-local' at Thu, 31 Mar 2022 21:42:32 +0000. Up 7.29 seconds.
[[0;32m  OK  [0m] Started Initial cloud-init job (pre-networking).
[[0;32m  OK  [0m] Reached target Network (Pre).
[[0;32m  OK  [0m] Started LSB: AppArmor initialization.
         Starting Load AppArmor profiles managed internally by snapd...
         Starting Raise network interfaces...
[[0;32m  OK  [0m] Started Load AppArmor profiles managed internally by snapd.
[[0;32m  OK  [0m] Started Raise network interfaces.
[[0;32m  OK  [0m] Reached target Network.
         Starting Initial cloud-init job (metadata service crawler)...
[    9.079475] cloud-init[955]: Cloud-init v. 21.1-19-gbad84ad4-0ubuntu1~16.04.2 running 'init' at Thu, 31 Mar 2022 21:42:33 +0000. Up 8.53 seconds.
[    9.080839] cloud-init[955]: ci-info: ++++++++++++++++++++++++++++++++++++++Net device info+++++++++++++++++++++++++++++++++++++++
[    9.082144] cloud-init[955]: ci-info: +--------+-------+----------------------------+---------------+--------+-------------------+
[    9.083951] cloud-init[955]: ci-info: | Device |   Up  |          Address           |      Mask     | Scope  |     Hw-Address    |
[    9.085155] cloud-init[955]: ci-info: +--------+-------+----------------------------+---------------+--------+-------------------+
[    9.086359] cloud-init[955]: ci-info: | enp0s3 |  True |         10.0.2.15          | 255.255.255.0 | global | 02:be:82:6b:cc:1d |
[    9.088234] cloud-init[955]: ci-info: | enp0s3 |  True | fe80::be:82ff:fe6b:cc1d/64 |       .       |  link  | 02:be:82:6b:cc:1d |
[    9.089408] cloud-init[955]: ci-info: | enp0s8 | False |             .              |       .       |   .    | 08:00:27:fb:92:3c |
[    9.090640] cloud-init[955]: ci-info: |   lo   |  True |         127.0.0.1          |   255.0.0.0   |  host  |         .         |
[    9.093075] cloud-init[955]: ci-info: |   lo   |  True |          ::1/128           |       .       |  host  |         .         |
[    9.094280] cloud-init[955]: ci-info: +--------+-------+----------------------------+---------------+--------+-------------------+
[    9.095501] cloud-init[955]: ci-info: +++++++++++++++++++++++++++Route IPv4 info++++++++++++++++++++++++++++
[    9.100286] cloud-init[955]: ci-info: +-------+-------------+----------+---------------+-----------+-------+
[    9.108306] cloud-init[955]: ci-info: | Route | Destination | Gateway  |    Genmask    | Interface | Flags |
[    9.116407] cloud-init[955]: ci-info: +-------+-------------+----------+---------------+-----------+-------+
[    9.117533] cloud-init[955]: ci-info: |   0   |   0.0.0.0   | 10.0.2.2 |    0.0.0.0    |   enp0s3  |   UG  |
[    9.124417] cloud-init[955]: ci-info: |   1   |   10.0.2.0  | 0.0.0.0  | 255.255.255.0 |   enp0s3  |   U   |
[    9.125540] cloud-init[955]: ci-info: +-------+-------------+----------+---------------+-----------+-------+
[    9.132323] cloud-init[955]: ci-info: +++++++++++++++++++Route IPv6 info+++++++++++++++++++
[    9.144226] cloud-init[955]: ci-info: +-------+-------------+---------+-----------+-------+
[[0;32m  OK  [0m] Started Initial cloud-init job (metadata service crawler).
[    9.144375] cloud-init[955]: ci-info: | Route | Destination | Gateway | Interface | Flags |
[    9.161303] cloud-init[955]: ci-info: +-------+-------------+---------+-----------+-------+
[    9.161519] [cloud-init[0;32m  OK  [0m[955]: ] ci-info: |   0   |  fe80::/64  |    ::   |   enp0s3  |   U   |Reached target System Initialization.

[[    9.161580] [0;32m  OK  [0mcloud-init] [955]: Started Ubuntu Advantage update messaging.ci-info: |   3   |   ff00::/8  |    ::   |   enp0s3  |   U   |

[    9.169550] cloud-init[955]: ci-info: +-------+-------------+---------+-----------+-------+
[    9.180628] cloud-init[955]: Generating public/private rsa key pair.
[    9.180828] cloud-init[955]: Your identification has been saved in /etc/ssh/ssh_host_rsa_key.
         Starting LXD - unix socket.
[    9.180872] cloud-init[955]: Your public key has been saved in /etc/ssh/ssh_host_rsa_key.pub.
[    9.188787] [cloud-init[0;32m  OK  [0m[955]: ] The key fingerprint is:Started Daily apt download activities.

[    9.188836] cloud-init[955]: SHA256:c7VwBLIfo2fSZU1qElR33/jFPXwc1/KfGXDQvgANTps root@ubuntu-xenial
[    9.191542] [cloud-init[0;32m  OK  [0m[955]: ] The key's randomart image is:Started Daily apt upgrade and clean activities.

[    9.191579] cloud-init         [955]: Starting Socket activation for snappy daemon.+---[RSA 2048]----+

[    9.209305] cloud-init[955]: |        ..+==.=.+|
[    9.209520] cloud-init[955]: |         oo+oBoBB|
[[0;32m  OK  [0m] Listening on UUID daemon activation socket.
[[    9.209564] [0;32m  OK  [0mcloud-init] [955]: Started Message of the Day.|        . =EO *=O|

[    9.212093] cloud-init[955]: |         + @ o +=|
[    9.212290] [cloud-init[0;32m  OK  [0m[955]: ] |        S * . . B|Listening on ACPID Listen Socket.

[[    9.212337] [0;32m  OK  [0mcloud-init] [955]: Started Daily Cleanup of Temporary Directories.|         *     +.|

[    9.221947] [cloud-init[0;32m  OK  [0m[955]: ] |                 |Listening on D-Bus System Message Bus Socket.

[    9.222323] cloud-init[955]: |                 |
[    9.223840] cloud-init[955]: |                 |
[    9.232457] cloud-init[955]: +----[SHA256]-----+
[    9.232679] cloud-init[955]: Generating public/private dsa key pair.
[[0;32m  OK  [0m] Started ACPI Events Check.
[    9.232724] cloud-init[955]: Your identification has been saved in /etc/ssh/ssh_host_dsa_key.
[[0;32m  OK  [0m] Reached target Paths.
[    9.241464] cloud-init[955]: Your public key has been saved in /etc/ssh/ssh_host_dsa_key.pub.
[[0;32m  OK  [0m] Reached target Timers.
[[    9.242826] [0;32m  OK  [0mcloud-init] [955]: Reached target Cloud-config availability.The key fingerprint is:

[    9.249842] cloud-init[955]: SHA256:YpYEoV+V/1OGBScSz52p3OZxkzP/cajZfXBGdsrKlGo root@ubuntu-xenial
[[0;32m  OK  [0m] Reached target Network is Online.[    9.250077] 
cloud-init[955]: The key's randomart image is:
[    9.261128] cloud-init[955]: +---[DSA 1024]----+
[    9.272266] cloud-init[955]: |    o.  ..o.o..  |
[    9.272497] cloud-init[955]: |   . . ..  + +.o |
[    9.272628] cloud-init[955]: |  .   o  .  oo+  |
[    9.272834] cloud-init[955]: |   . o .  ...oo =|
[    9.272986] cloud-init[955]: |    . = S  .o=+Oo|
[    9.273022] cloud-init[955]: |     o .    =o++B|
[    9.273070] cloud-init[955]: |           + oo=o|
[    9.273366] cloud-init[955]: |          E o+ .=|
[    9.273605] cloud-init[955]: |         .  o . +|
[    9.273730] cloud-init[955]: +----[SHA256]-----+
[    9.273766] cloud-init[955]: Generating public/private ecdsa key pair.         
Starting iSCSI initiator daemon (iscsid)...
[    9.273831] cloud-init[955]: Your identification has been saved in /etc/ssh/ssh_host_ecdsa_key.
[    9.278085] cloud-init[955]: Your public key has been saved in /etc/ssh/ssh_host_ecdsa_key.pub.
[    9.278292] [cloud-init[0;32m  OK  [0m[955]: ] The key fingerprint is:Listening on LXD - unix socket.

[    9.278337] cloud-init[955]: SHA256:d+vsJjHOYuaSCgyQqrxwMNtdClRZeLfe7pe0QNIXsXg root@ubuntu-xenial
[    9.280280] cloud-init[955]: The key's randomart image is:
[    9.280317] cloud-init[955]: +---[ECDSA 256]---+
[[0;32m  OK  [0m] Listening on Socket activation for snappy daemon.
[    9.280435] cloud-init[955]: |    .+.     ..   |
[[0;32m  OK  [0m] Reached target Sockets.
[    9.282727] cloud-init[955]: | . .o . .  ...   |
[    9.283857] cloud-init[955]: |o .  . . o. E.   |
[    9.284054] cloud-init[955]: |o.      o o..    |
[    9.284096] cloud-init[955]: |= .   ..S+...    |
[[0;32m  OK  [0m] Reached target Basic System.
[    9.284148] cloud-init[955]: |oB o o  ..=...   |
[    9.296242] cloud-init[955]: |+.= o  . + =.o   |
         [    9.296487] Starting LSB: Record successful boot for GRUB...cloud-init
[955]: |....  o + =o=    |
[    9.296527] cloud-init[955]: | .  .. =.o.=+    |
[    9.298436] cloud-init[955]: +----[SHA256]-----+
[    9.299420] cloud-init[955]: Generating public/private ed25519 key pair.
[    9.300276] cloud-init[955]: Your identification has been saved in /etc/ssh/ssh_host_ed25519_key.
[    9.312752] cloud-init[955]: Your public key has been saved in /etc/ssh/ssh_host_ed25519_key.pub.
[    9.312947] cloud-init[955]: The key fingerprint is:
[[0;32m  OK  [0m] Started FUSE filesystem for LXC.
[    9.312989] cloud-init[955]: SHA256:kds8V01bcoE6uQeiAYfom7yoy7meOG6xlz9svZt2nK8 root@ubuntu-xenial
[    9.316237] cloud-init[955]: The key's randomart image is:
[    9.317586] cloud-init[955]: +--[ED25519 256]--+
[    9.317778] cloud-init[955]: |    . .       o.=|
         Starting /etc/rc.local Compatibility...
[    9.317820] cloud-init[955]: |   . o . .   . =o|
         Starting Virtualbox guest utils...
         Starting Login Service...
         Starting LSB: MD monitoring daemon...
[[0;32m  OK  [0m] Started Regular background program processing daemon.
[[0;32m  OK  [0m] Started Deferred execution scheduler.
[    9.320277] cloud-init[955]: |  .   o o   o ...|
[    9.337847] cloud-init[955]: |   .   . * = .   |
[    9.338005]          cloud-initStarting Snap Daemon...[955]: 
|  . o   S = =    |
[    9.338052] cloud-init[955]: | . +   .   + .   |
[    9.344820] [cloud-init[0;32m  OK  [0m[955]: ] |  + + . . . .    |Started D-Bus System Message Bus.

[    9.345097] cloud-init[955]: |++o+ + o.+       |
[    9.353487] cloud-init[955]: |OXo o.o++Eo.     |
[    9.354355] cloud-init[955]: +----[SHA256]-----+
         Starting LXD - container startup/shutdown...
[[0;32m  OK  [0m] Started ACPI event daemon.
         Starting Pollinate to seed the pseudo random number generator...
         Starting System Logging Service...
         Starting Accounts Service...
[[0;32m  OK  [0m] Started /etc/rc.local Compatibility.
[[0;32m  OK  [0m] Started iSCSI initiator daemon (iscsid).
         Starting Login to default iSCSI targets...
[[0;32m  OK  [0m] Started LSB: Record successful boot for GRUB.
[[0;32m  OK  [0m] Started Login Service.
[[0;32m  OK  [0m] Started Unattended Upgrades Shutdown.
[[0;32m  OK  [0m] Started System Logging Service.
[[0;32m  OK  [0m] Started LSB: MD monitoring daemon.
         Starting Authenticate and Authorize Users to Run Privileged Tasks...
[[0;32m  OK  [0m] Started Login to default iSCSI targets.
[[0;32m  OK  [0m] Reached target Remote File Systems (Pre).
[[0;32m  OK  [0m] Reached target Remote File Systems.
         Starting LSB: Set the CPU Frequency Scaling governor to "ondemand"...
         Starting LSB: daemon to balance interrupts for SMP systems...
         Starting Permit User Sessions...
         Starting LSB: automatic crash report generation...
[[0;32m  OK  [0m] Started Permit User Sessions.
         Starting Hold until boot process finishes up...
         Starting Terminate Plymouth Boot Screen...
[[0;32m  OK  [0m] Started Hold until boot process finishes up.
         Starting Set console scheme...
[[0;32m  OK  [0m] Started Getty on tty1.
[[0;32m  OK  [0m] Started Serial Getty on ttyS0.
[[0;32m  OK  [0m] Reached target Login Prompts.
[[0;32m  OK  [0m] Started Terminate Plymouth Boot Screen.
[[0;32m  OK  [0m] Started Set console scheme.
[[0;32m  OK  [0m] Started LSB: Set the CPU Frequency Scaling governor to "ondemand".
[[0;32m  OK  [0m] Started Authenticate and Authorize Users to Run Privileged Tasks.
[[0;32m  OK  [0m] Started LSB: daemon to balance interrupts for SMP systems.
[[0;32m  OK  [0m] Started Accounts Service.
[[0;32m  OK  [0m] Started LSB: automatic crash report generation.
[[0;32m  OK  [0m] Started Virtualbox guest utils.
[[0;32m  OK  [0m] Started LXD - container startup/shutdown.
[[0;32m  OK  [0m] Started Snap Daemon.
         Starting Wait until snapd is fully seeded...
[[0;32m  OK  [0m] Started Pollinate to seed the pseudo random number generator.
         Starting OpenBSD Secure Shell server...
[[0;32m  OK  [0m] Started OpenBSD Secure Shell server.
[[0;32m  OK  [0m] Started Wait until snapd is fully seeded.
         Starting Apply the settings specified in cloud-config...
[[0;32m  OK  [0m] Reached target Multi-User System.
[[0;32m  OK  [0m] Reached target Graphical Interface.
         Starting Update UTMP about System Runlevel Changes...
[[0;32m  OK  [0m] Started Update UTMP about System Runlevel Changes.
[   10.718407] cloud-init[1293]: Generating locales (this might take a while)...
[   11.622320] cloud-init[1293]:   en_US.UTF-8... done
[   11.623490] cloud-init[1293]: Generation complete.
[   11.973901] cloud-init[1293]: Cloud-init v. 21.1-19-gbad84ad4-0ubuntu1~16.04.2 running 'modules:config' at Thu, 31 Mar 2022 21:42:35 +0000. Up 10.59 seconds.
[[0;32m  OK  [0m] Created slice User Slice of vagrant.
         Starting User Manager for UID 1000...
[[0;32m  OK  [0m] Started Session 1 of user vagrant.
[[0;32m  OK  [0m] Started User Manager for UID 1000.
[[0;32m  OK  [0m] Started Apply the settings specified in cloud-config.
         Starting Execute cloud user/final scripts...
ci-info: no authorized SSH keys fingerprints found for user ubuntu.
<14>Mar 31 21:42:37 ec2: 
<14>Mar 31 21:42:37 ec2: #############################################################
<14>Mar 31 21:42:37 ec2: -----BEGIN SSH HOST KEY FINGERPRINTS-----
<14>Mar 31 21:42:37 ec2: 1024 SHA256:YpYEoV+V/1OGBScSz52p3OZxkzP/cajZfXBGdsrKlGo root@ubuntu-xenial (DSA)
<14>Mar 31 21:42:37 ec2: 256 SHA256:d+vsJjHOYuaSCgyQqrxwMNtdClRZeLfe7pe0QNIXsXg root@ubuntu-xenial (ECDSA)
<14>Mar 31 21:42:37 ec2: 256 SHA256:kds8V01bcoE6uQeiAYfom7yoy7meOG6xlz9svZt2nK8 root@ubuntu-xenial (ED25519)
<14>Mar 31 21:42:37 ec2: 2048 SHA256:c7VwBLIfo2fSZU1qElR33/jFPXwc1/KfGXDQvgANTps root@ubuntu-xenial (RSA)
<14>Mar 31 21:42:37 ec2: -----END SSH HOST KEY FINGERPRINTS-----
<14>Mar 31 21:42:37 ec2: #############################################################
-----BEGIN SSH HOST KEY KEYS-----
ecdsa-sha2-nistp256 AAAAE2VjZHNhLXNoYTItbmlzdHAyNTYAAAAIbmlzdHAyNTYAAABBBD+zykr5yKYacIwn1ALbebEqvDqutG/VqCEM4P4vS10/dR19gKaMyA5oq6kxtnHhG9Gi19dN9/PKaadijf1KF9M= root@ubuntu-xenial
ssh-ed25519 AAAAC3NzaC1lZDI1NTE5AAAAIGIuGeolIlx7rGvrHr+qSyYf91Dij/TusozgRKHHkCqk root@ubuntu-xenial
ssh-rsa AAAAB3NzaC1yc2EAAAADAQABAAABAQDJtaWTy9FuJyVDFxRfDyJOHhsSGUb97u3wlTQO8/bEu9M1WgyNXsS1xV3VzYr0MxNHhgL+CUw481cNVGjlIei1kP09u8DdZirC/jklSOWi15qsuLHCtxNB//CYlXQMsEg3Mu1kXpfFE++82deCD7rb6wdrxHXItMSasbxBoQx2MYzJFlejI8bpqn84THfWQQ5Z9N9RD8MNPTrboHVkg5HxVDyUxxfCzUtgalk3Lr3N2u05Zht9bdK+C4gYk2x1wQEjoxAYWDGtNNcgFU9AcJmZ5VrsjqnG4nHupS/V6VpiOv9aJUROyGxCVVeC2PQx5Y2utPsn4RoJGHykGt92csGh root@ubuntu-xenial
-----END SSH HOST KEY KEYS-----
[   12.607690] cloud-init[1354]: Cloud-init v. 21.1-19-gbad84ad4-0ubuntu1~16.04.2 running 'modules:final' at Thu, 31 Mar 2022 21:42:37 +0000. Up 12.40 seconds.
[   12.609125] cloud-init[1354]: ci-info: no authorized SSH keys fingerprints found for user ubuntu.
[   12.616336] cloud-init[1354]: Cloud-init v. 21.1-19-gbad84ad4-0ubuntu1~16.04.2 finished at Thu, 31 Mar 2022 21:42:37 +0000. Datasource DataSourceNoCloud [seed=/dev/sdb][dsmode=net].  Up 12.59 seconds
[[0;32m  OK  [0m] Started Execute cloud user/final scripts.
[[0;32m  OK  [0m] Reached target Cloud-init target.

Ubuntu 16.04.7 LTS ubuntu-xenial ttyS0

ubuntu-xenial login: 